src/config/database.ts(7,27): error TS2345: Argument of type '[Sql<{}>]' is not assignable to parameter of type '[string | Sql<{}>] | [string | Sql<{}>, DrizzleConfig<Record<string, never>>] | [DrizzleConfig<Record<string, never>> & ({ ...; } | { ...; })]'.
  Type '[Sql<{}>]' is not assignable to type '[string | Sql<{}>] | [DrizzleConfig<Record<string, never>> & ({ connection: string | ({ url?: string | undefined; } & Options<Record<string, PostgresType<any>>>); } | { ...; })]'.
    Type '[Sql<{}>]' is not assignable to type '[string | Sql<{}>]'.
      Type 'Sql<{}>' is not assignable to type 'string | Sql<{}>'.
        Type 'import("C:/Users/shiro/OneDrive/Documentos/Pessoal/Curso/jornada-pim/backend/node_modules/postgres/types/index").Sql<{}>' is not assignable to type 'import("C:/Users/shiro/OneDrive/Documentos/Pessoal/Curso/jornada-pim/backend/node_modules/.pnpm/postgres@3.4.8/node_modules/postgres/types/index").Sql<{}>'.
          Types of property 'types' are incompatible.
            Type '(<T>(value: T, oid: number) => import("C:/Users/shiro/OneDrive/Documentos/Pessoal/Curso/jornada-pim/backend/node_modules/postgres/types/index").Parameter<T>) & {}' is not assignable to type '(<T>(value: T, oid: number) => import("C:/Users/shiro/OneDrive/Documentos/Pessoal/Curso/jornada-pim/backend/node_modules/.pnpm/postgres@3.4.8/node_modules/postgres/types/index").Parameter<T>) & {}'.
              Type '(<T>(value: T, oid: number) => Parameter<T>) & {}' is not assignable to type '<T>(value: T, oid: number) => Parameter<T>'.
                Property '[PRIVATE]' is missing in type 'import("C:/Users/shiro/OneDrive/Documentos/Pessoal/Curso/jornada-pim/backend/node_modules/postgres/types/index").Parameter<T>' but required in type 'import("C:/Users/shiro/OneDrive/Documentos/Pessoal/Curso/jornada-pim/backend/node_modules/.pnpm/postgres@3.4.8/node_modules/postgres/types/index").Parameter<T>'.
src/database/scripts/seed.ts(4,10): error TS2724: '"../../database/schemas"' has no exported member named 'registro_ponto'. Did you mean 'registroPonto'?
src/database/scripts/seed.ts(4,26): error TS2724: '"../../database/schemas"' has no exported member named 'resumo_diario'. Did you mean 'resumoDiario'?
src/database/scripts/seed.ts(114,35): error TS2769: No overload matches this call.
  Overload 1 of 2, '(value: { senha: string | SQL<unknown> | Placeholder<string, any>; cpf: string | SQL<unknown> | Placeholder<string, any>; nome: string | SQL<unknown> | Placeholder<string, any>; ... 4 more ...; updatedAt?: Date | ... 2 more ... | undefined; }): PgInsertBase<...>', gave the following error.
    Argument of type '{ nome: string; matricula: string; senha: string; perfil: string; }[]' is not assignable to parameter of type '{ senha: string | SQL<unknown> | Placeholder<string, any>; cpf: string | SQL<unknown> | Placeholder<string, any>; nome: string | SQL<unknown> | Placeholder<string, any>; ... 4 more ...; updatedAt?: Date | ... 2 more ... | undefined; }'.
      Type '{ nome: string; matricula: string; senha: string; perfil: string; }[]' is missing the following properties from type '{ senha: string | SQL<unknown> | Placeholder<string, any>; cpf: string | SQL<unknown> | Placeholder<string, any>; nome: string | SQL<unknown> | Placeholder<string, any>; ... 4 more ...; updatedAt?: Date | ... 2 more ... | undefined; }': senha, cpf, nome
src/database/scripts/seed.ts(148,8): error TS2769: No overload matches this call.
  Overload 1 of 2, '(value: { senha: string | SQL<unknown> | Placeholder<string, any>; cpf: string | SQL<unknown> | Placeholder<string, any>; nome: string | SQL<unknown> | Placeholder<string, any>; ... 4 more ...; updatedAt?: Date | ... 2 more ... | undefined; }): PgInsertBase<...>', gave the following error.
    Object literal may only specify known properties, and 'matricula' does not exist in type '{ senha: string | SQL<unknown> | Placeholder<string, any>; cpf: string | SQL<unknown> | Placeholder<string, any>; nome: string | SQL<unknown> | Placeholder<string, any>; ... 4 more ...; updatedAt?: Date | ... 2 more ... | undefined; }'.
  Overload 2 of 2, '(values: { senha: string | SQL<unknown> | Placeholder<string, any>; cpf: string | SQL<unknown> | Placeholder<string, any>; nome: string | SQL<unknown> | Placeholder<string, any>; ... 4 more ...; updatedAt?: Date | ... 2 more ... | undefined; }[]): PgInsertBase<...>', gave the following error.
    Object literal may only specify known properties, and 'nome' does not exist in type '{ senha: string | SQL<unknown> | Placeholder<string, any>; cpf: string | SQL<unknown> | Placeholder<string, any>; nome: string | SQL<unknown> | Placeholder<string, any>; ... 4 more ...; updatedAt?: Date | ... 2 more ... | undefined; }[]'.
src/modules/cartao-de-ponto-pdf/cartao-de-ponto-pdf.service.ts(139,7): error TS2322: Type '{ id: string; data: string; horasTrabalhadas: string; horasEsperadas: string; horasExtras: string; atrasoMinutos: number; status: "completo" | "incompleto" | "falta" | "afastamento"; periodos: { ...; }[]; }[]' is not assignable to type '{ id: string; data: string; horasTrabalhadas: number; horasEsperadas: number; horasExtras: number; atrasoMinutos: number; status: "completo" | "incompleto" | "falta" | "afastamento"; periodos?: { ...; }[] | undefined; }[]'.
  Type '{ id: string; data: string; horasTrabalhadas: string; horasEsperadas: string; horasExtras: string; atrasoMinutos: number; status: "completo" | "incompleto" | "falta" | "afastamento"; periodos: { ...; }[]; }' is not assignable to type '{ id: string; data: string; horasTrabalhadas: number; horasEsperadas: number; horasExtras: number; atrasoMinutos: number; status: "completo" | "incompleto" | "falta" | "afastamento"; periodos?: { ...; }[] | undefined; }'.
    Types of property 'horasTrabalhadas' are incompatible.
      Type 'string' is not assignable to type 'number'.
src/modules/cartao-de-ponto-pdf/cartao-de-ponto-pdf.service.ts(292,11): error TS2322: Type '{ id: string; data: string; horasTrabalhadas: string; horasEsperadas: string; horasExtras: string; atrasoMinutos: number; status: "completo" | "incompleto" | "falta" | "afastamento"; periodos: { ...; }[]; }[]' is not assignable to type '{ id: string; data: string; horasTrabalhadas: number; horasEsperadas: number; horasExtras: number; atrasoMinutos: number; status: "completo" | "incompleto" | "falta" | "afastamento"; periodos?: { ...; }[] | undefined; }[]'.
  Type '{ id: string; data: string; horasTrabalhadas: string; horasEsperadas: string; horasExtras: string; atrasoMinutos: number; status: "completo" | "incompleto" | "falta" | "afastamento"; periodos: { ...; }[]; }' is not assignable to type '{ id: string; data: string; horasTrabalhadas: number; horasEsperadas: number; horasExtras: number; atrasoMinutos: number; status: "completo" | "incompleto" | "falta" | "afastamento"; periodos?: { ...; }[] | undefined; }'.
    Types of property 'horasTrabalhadas' are incompatible.
      Type 'string' is not assignable to type 'number'.
src/modules/empresa/empresa.repository.ts(84,9): error TS2322: Type 'string' is not assignable to type 'Date | SQL<unknown> | PgColumn<ColumnBaseConfig<ColumnDataType, string>, {}, {}> | undefined'.
src/modules/empresa/empresa.repository.ts(98,9): error TS2322: Type 'string' is not assignable to type 'Date | SQL<unknown> | PgColumn<ColumnBaseConfig<ColumnDataType, string>, {}, {}> | undefined'.
src/modules/empresa/empresa.repository.ts(112,9): error TS2322: Type 'string' is not assignable to type 'Date | SQL<unknown> | PgColumn<ColumnBaseConfig<ColumnDataType, string>, {}, {}> | undefined'.
src/modules/registro-ponto/registro-ponto.repository.ts(9,41): error TS2339: Property 'deletedAt' does not exist on type 'PgTableWithColumns<{ name: "registro_ponto"; schema: undefined; columns: { id: PgColumn<{ name: "id"; tableName: "registro_ponto"; dataType: "string"; columnType: "PgUUID"; data: string; driverParam: string; notNull: true; ... 7 more ...; generated: undefined; }, {}, {}>; ... 5 more ...; registradoPor: PgColumn<...>...'.
src/modules/registro-ponto/registro-ponto.repository.ts(66,14): error TS2353: Object literal may only specify known properties, and 'deletedAt' does not exist in type '{ usuarioEmpresaId?: string | SQL<unknown> | PgColumn<ColumnBaseConfig<ColumnDataType, string>, {}, {}> | undefined; tipo?: "entrada" | ... 5 more ... | undefined; ... 4 more ...; registradoPor?: string | ... 3 more ... | undefined; }'.
src/modules/registro-ponto/registro-ponto.service.ts(542,12): error TS2345: Argument of type '{ horasTrabalhadas: number; horasEsperadas: number; horasExtras: number; atrasoMinutos: number; status: "falta"; } | { horasTrabalhadas: number; horasEsperadas: number; horasExtras: number; atrasoMinutos: number; status: "completo" | "incompleto"; }' is not assignable to parameter of type '{ data?: string | SQL<unknown> | PgColumn<ColumnBaseConfig<ColumnDataType, string>, {}, {}> | undefined; usuarioEmpresaId?: string | SQL<...> | PgColumn<...> | undefined; ... 5 more ...; status?: "completo" | ... 5 more ... | undefined; }'.
  Type '{ horasTrabalhadas: number; horasEsperadas: number; horasExtras: number; atrasoMinutos: number; status: "falta"; }' is not assignable to type '{ data?: string | SQL<unknown> | PgColumn<ColumnBaseConfig<ColumnDataType, string>, {}, {}> | undefined; usuarioEmpresaId?: string | SQL<...> | PgColumn<...> | undefined; ... 5 more ...; status?: "completo" | ... 5 more ... | undefined; }'.
    Types of property 'horasEsperadas' are incompatible.
      Type 'number' is not assignable to type 'string | SQL<unknown> | PgColumn<ColumnBaseConfig<ColumnDataType, string>, {}, {}> | undefined'.
src/modules/registro-ponto/registro-ponto.service.ts(545,35): error TS2769: No overload matches this call.
  Overload 1 of 2, '(value: { data: string | SQL<unknown> | Placeholder<string, any>; usuarioEmpresaId: string | SQL<unknown> | Placeholder<string, any>; horasEsperadas: string | SQL<...> | Placeholder<...>; ... 4 more ...; status?: "completo" | ... 5 more ... | undefined; }): PgInsertBase<...>', gave the following error.
    Argument of type '{ horasTrabalhadas: number; horasEsperadas: number; horasExtras: number; atrasoMinutos: number; status: "falta"; usuarioEmpresaId: string; data: string; } | { horasTrabalhadas: number; horasEsperadas: number; ... 4 more ...; data: string; }' is not assignable to parameter of type '{ data: string | SQL<unknown> | Placeholder<string, any>; usuarioEmpresaId: string | SQL<unknown> | Placeholder<string, any>; horasEsperadas: string | SQL<...> | Placeholder<...>; ... 4 more ...; status?: "completo" | ... 5 more ... | undefined; }'.
      Type '{ horasTrabalhadas: number; horasEsperadas: number; horasExtras: number; atrasoMinutos: number; status: "falta"; usuarioEmpresaId: string; data: string; }' is not assignable to type '{ data: string | SQL<unknown> | Placeholder<string, any>; usuarioEmpresaId: string | SQL<unknown> | Placeholder<string, any>; horasEsperadas: string | SQL<...> | Placeholder<...>; ... 4 more ...; status?: "completo" | ... 5 more ... | undefined; }'.
        Types of property 'horasEsperadas' are incompatible.
          Type 'number' is not assignable to type 'string | SQL<unknown> | Placeholder<string, any>'.
  Overload 2 of 2, '(values: { data: string | SQL<unknown> | Placeholder<string, any>; usuarioEmpresaId: string | SQL<unknown> | Placeholder<string, any>; horasEsperadas: string | SQL<...> | Placeholder<...>; ... 4 more ...; status?: "completo" | ... 5 more ... | undefined; }[]): PgInsertBase<...>', gave the following error.
    Argument of type '{ horasTrabalhadas: number; horasEsperadas: number; horasExtras: number; atrasoMinutos: number; status: "falta"; usuarioEmpresaId: string; data: string; } | { horasTrabalhadas: number; horasEsperadas: number; ... 4 more ...; data: string; }' is not assignable to parameter of type '{ data: string | SQL<unknown> | Placeholder<string, any>; usuarioEmpresaId: string | SQL<unknown> | Placeholder<string, any>; horasEsperadas: string | SQL<...> | Placeholder<...>; ... 4 more ...; status?: "completo" | ... 5 more ... | undefined; }[]'.
      Object literal may only specify known properties, and 'usuarioEmpresaId' does not exist in type '{ data: string | SQL<unknown> | Placeholder<string, any>; usuarioEmpresaId: string | SQL<unknown> | Placeholder<string, any>; horasEsperadas: string | SQL<...> | Placeholder<...>; ... 4 more ...; status?: "completo" | ... 5 more ... | undefined; }[]'.
src/modules/setores/setor.repository.ts(23,23): error TS2322: Type 'string' is not assignable to type 'Date | SQL<unknown> | PgColumn<ColumnBaseConfig<ColumnDataType, string>, {}, {}> | undefined'.
src/modules/user-empresa/user-empresa.repository.ts(44,28): error TS2322: Type 'string' is not assignable to type 'Date | SQL<unknown> | PgColumn<ColumnBaseConfig<ColumnDataType, string>, {}, {}> | null | undefined'.
src/modules/user-empresa/user-empresa.repository.ts(102,9): error TS2322: Type 'string' is not assignable to type 'Date | SQL<unknown> | PgColumn<ColumnBaseConfig<ColumnDataType, string>, {}, {}> | null | undefined'.
src/modules/user/user.repository.ts(57,23): error TS2322: Type 'string' is not assignable to type 'Date | SQL<unknown> | PgColumn<ColumnBaseConfig<ColumnDataType, string>, {}, {}> | undefined'.
src/modules/user/user.repository.ts(65,28): error TS2322: Type 'string' is not assignable to type 'Date | SQL<unknown> | PgColumn<ColumnBaseConfig<ColumnDataType, string>, {}, {}> | undefined'.
